


ARM Macro Assembler    Page 1 


    1 00000000                 AREA             RESET, DATA, READONLY
    2 00000000                 EXPORT           __Vectors
    3 00000000         __Vectors
    4 00000000 10001000        DCD              0x10001000
    5 00000004 00000000        DCD              Reset_Handler
    6 00000008                 ALIGN
    7 00000008         
    8 00000008                 AREA             mycode, CODE, READONLY
    9 00000000                 ENTRY
   10 00000000                 EXPORT           Reset_Handler
   11 00000000         
   12 00000000         Reset_Handler
   13 00000000 4809            LDR              R0, =SRC    ; R0 = address of S
                                                            RC
   14 00000002 6801            LDR              R1, [R0]    ; R1 = value at SRC
                                                             (BCD input)
   15 00000004         
   16 00000004 F001 02F0       AND              R2, R1, #0xF0 ; Extract tens di
                                                            git (high nibble)
   17 00000008 EA4F 1212       LSR              R2, R2, #4  ; Shift to get digi
                                                            t value 0-9
   18 0000000C         
   19 0000000C F001 030F       AND              R3, R1, #0x0F ; Extract ones di
                                                            git (low nibble)
   20 00000010         
   21 00000010 F04F 040A       MOV              R4, #10     ; constant 10
   22 00000014         
   23 00000014 FB02 F204       MUL              R2, R2, R4  ; tens * 10
   24 00000018         
   25 00000018 EB02 0603       ADD              R6, R2, R3  ; R6 = final decima
                                                            l value
   26 0000001C         
   27 0000001C 4D03            LDR              R5, =DST    ; R5 = address of D
                                                            ST
   28 0000001E 602E            STR              R6, [R5]    ; store result
   29 00000020         
   30 00000020         STOP
   31 00000020 E7FE            B                STOP
   32 00000022         
   33 00000022 00 00 00000045 
                       SRC     DCD              0x45        ; input BCD 0x50 (d
                                                            ecimal 50)
   34 00000028 00000000 
              00000000         AREA             mydata, DATA, READWRITE
   35 00000000 00000000 
                       DST     DCD              0x0
   36 00000004         
   37 00000004                 END
Command Line: --debug --xref --cpu=Cortex-M3 --apcs=interwork --depend=codeFile
.d -ocodeFile.o -IC:\Keil\ARM\RV31\INC -IC:\Keil\ARM\CMSIS\Include -IC:\Keil\AR
M\Inc\NXP\LPC17xx --predefine="__EVAL SETA 1" --list=codeFile.lst codeFile.asm



ARM Macro Assembler    Page 1 Alphabetic symbol ordering
Relocatable symbols

RESET 00000000

Symbol: RESET
   Definitions
      At line 1 in file codeFile.asm
   Uses
      None
Comment: RESET unused
__Vectors 00000000

Symbol: __Vectors
   Definitions
      At line 3 in file codeFile.asm
   Uses
      At line 2 in file codeFile.asm
Comment: __Vectors used once
2 symbols



ARM Macro Assembler    Page 1 Alphabetic symbol ordering
Relocatable symbols

Reset_Handler 00000000

Symbol: Reset_Handler
   Definitions
      At line 12 in file codeFile.asm
   Uses
      At line 5 in file codeFile.asm
      At line 10 in file codeFile.asm

SRC 00000024

Symbol: SRC
   Definitions
      At line 33 in file codeFile.asm
   Uses
      At line 13 in file codeFile.asm
Comment: SRC used once
STOP 00000020

Symbol: STOP
   Definitions
      At line 30 in file codeFile.asm
   Uses
      At line 31 in file codeFile.asm
Comment: STOP used once
mycode 00000000

Symbol: mycode
   Definitions
      At line 8 in file codeFile.asm
   Uses
      None
Comment: mycode unused
4 symbols



ARM Macro Assembler    Page 1 Alphabetic symbol ordering
Relocatable symbols

DST 00000000

Symbol: DST
   Definitions
      At line 35 in file codeFile.asm
   Uses
      At line 27 in file codeFile.asm
Comment: DST used once
mydata 00000000

Symbol: mydata
   Definitions
      At line 34 in file codeFile.asm
   Uses
      None
Comment: mydata unused
2 symbols
341 symbols in table
